../Core/libraries/sim7600/sim7600.c:14:5:findSubstring	48	static
../Core/libraries/sim7600/sim7600.c:64:6:SIM_UART_DMA_CallBack	16	static
../Core/libraries/sim7600/sim7600.c:69:6:CheckSIMStatus	16	static
../Core/libraries/sim7600/sim7600.c:76:6:ClearBuffer	16	static
../Core/libraries/sim7600/sim7600.c:86:5:WaitForResponse	48	static
../Core/libraries/sim7600/sim7600.c:129:5:WaitForResponceTrueFalse	48	static
../Core/libraries/sim7600/sim7600.c:178:5:SendCommand	40	static
../Core/libraries/sim7600/sim7600.c:191:5:SendCommandCheckTrueFalse	48	static
../Core/libraries/sim7600/sim7600.c:205:5:SIMInit	24	static
../Core/libraries/sim7600/sim7600.c:224:5:PowerOn	16	static
../Core/libraries/sim7600/sim7600.c:241:5:ResetModule	32	static
../Core/libraries/sim7600/sim7600.c:291:5:StartModuleService	16	static
../Core/libraries/sim7600/sim7600.c:327:5:ConnectToModule	48	static
../Core/libraries/sim7600/sim7600.c:373:5:CheckSimConnect	40	static
../Core/libraries/sim7600/sim7600.c:405:5:GetPhoneNumber	128	static
../Core/libraries/sim7600/sim7600.c:467:5:dateOfMonth	16	static
../Core/libraries/sim7600/sim7600.c:485:5:dayOfWeek	24	static
../Core/libraries/sim7600/sim7600.c:496:5:get_timezone_offset	16	static
../Core/libraries/sim7600/sim7600.c:502:5:GetLBS	144	static
../Core/libraries/sim7600/sim7600.c:574:5:GetRSSI	112	static
../Core/libraries/sim7600/sim7600.c:610:5:GetSignal	16	static
../Core/libraries/sim7600/sim7600.c:652:5:InitHTTP	40	static
../Core/libraries/sim7600/sim7600.c:673:5:DeInitHTTP	40	static
../Core/libraries/sim7600/sim7600.c:695:5:SetupHTTPUrl	240	static
../Core/libraries/sim7600/sim7600.c:719:5:SuperviseHTTP	32	static
../Core/libraries/sim7600/sim7600.c:1050:5:http_post	336	static
../Core/libraries/sim7600/sim7600.c:1182:5:http_get	192	static
