../Core/Src/main.c:73:6:HAL_UART_RxCpltCallback	16	static
../Core/Src/main.c:84:6:HAL_UARTEx_RxEventCallback	16	static
../Core/Src/main.c:93:6:PostDataToServer	40	static
../Core/Src/main.c:132:5:main	16	static
../Core/Src/main.c:193:6:SystemClock_Config	72	static
../Core/Src/main.c:232:13:MX_USART1_UART_Init	8	static
../Core/Src/main.c:265:13:MX_USART2_UART_Init	8	static
../Core/Src/main.c:296:13:MX_DMA_Init	16	static
../Core/Src/main.c:314:13:MX_GPIO_Init	32	static
../Core/Src/main.c:346:6:Error_Handler	4	static,ignoring_inline_asm
